
> openstrand@1.0.0 build
> next build

   ▲ Next.js 14.1.0

   Creating an optimized production build ...
Failed to compile.

./src/features/catalogs/components/DatasetSubmissionWizard.tsx
Error: 
  [31mx[0m Unexpected token `div`. Expected jsx identifier
     ,-[[36;1;4mC:\Users\johnn\Documents\git\openstrand\openstrand-app\src\features\catalogs\components\DatasetSubmissionWizard.tsx[0m:334:1]
 [2m334[0m |         : 'Offline mode uses local hashing only. Review uploads manually for distribution rights.';
 [2m335[0m | 
 [2m336[0m |   return (
 [2m337[0m |     <div className="space-y-10">
     : [31;1m     ^^^[0m
 [2m338[0m |       <header className="rounded-3xl border border-border/70 bg-card/80 p-6 shadow-sm">
 [2m339[0m |         <div className="flex flex-col gap-4 md:flex-row md:items-center md:justify-between">
 [2m339[0m |           <div>
     `----

Caused by:
    Syntax Error

Import trace for requested module:
./src/features/catalogs/components/DatasetSubmissionWizard.tsx
./src/app/[locale]/catalogs/submit/page.tsx

./src/features/strands/upload/StrandUploadWizard.tsx
Error: 
  [31mx[0m Unexpected token `div`. Expected jsx identifier
     ,-[[36;1;4mC:\Users\johnn\Documents\git\openstrand\openstrand-app\src\features\strands\upload\StrandUploadWizard.tsx[0m:270:1]
 [2m270[0m |   const datasetHint = state.draft.strandType === 'dataset';
 [2m271[0m | 
 [2m272[0m |   return (
 [2m273[0m |     <div className="space-y-10">
     : [31;1m     ^^^[0m
 [2m274[0m |       <header className="rounded-3xl border border-border/70 bg-card/80 p-6 shadow-sm">
 [2m275[0m |         <div className="flex flex-col gap-4 md:flex-row md:items-center md:justify-between">
 [2m275[0m |           <div>
     `----

Caused by:
    Syntax Error

Import trace for requested module:
./src/features/strands/upload/StrandUploadWizard.tsx
./src/app/[locale]/strands/upload/page.tsx


> Build failed because of webpack errors
npm error Lifecycle script `build` failed with error:
npm error code 1
npm error path C:\Users\johnn\Documents\git\openstrand\openstrand-app
npm error workspace openstrand@1.0.0
npm error location C:\Users\johnn\Documents\git\openstrand\openstrand-app
npm error command failed
npm error command C:\WINDOWS\system32\cmd.exe /d /s /c next build
